2026-09-15 21:38:59,263 INFO run starting for 2026-05-04
2026-09-15 21:38:59,285 INFO extract: 1285 rows from ../data\scans_2026-05-04.csv
2026-09-15 21:38:59,286 INFO contract: ok, 9 columns
2026-09-15 21:38:59,287 ERROR run FAILED for 2026-05-04: 
2026-09-15 21:39:39,481 INFO run starting for 2026-05-04
2026-09-15 21:39:39,486 INFO extract: 1285 rows from ../data\scans_2026-05-04.csv
2026-09-15 21:39:39,487 INFO contract: ok, 9 columns
2026-09-15 21:39:39,487 ERROR run FAILED for 2026-05-04: 
2026-09-15 21:39:40,158 INFO run starting for 2026-05-04
2026-09-15 21:39:40,163 INFO extract: 1285 rows from ../data\scans_2026-05-04.csv
2026-09-15 21:39:40,164 INFO contract: ok, 9 columns
2026-09-15 21:39:40,165 ERROR run FAILED for 2026-05-04: 
2026-09-15 21:39:59,250 INFO run starting for 2026-05-04
2026-09-15 21:39:59,255 INFO extract: 1285 rows from ../data\scans_2026-05-04.csv
2026-09-15 21:39:59,256 INFO contract: ok, 9 columns
2026-09-15 21:39:59,257 ERROR run FAILED for 2026-05-04: 
2026-09-15 21:40:15,097 INFO run starting for 2026-05-04
2026-09-15 21:40:15,101 INFO extract: 1285 rows from ../data\scans_2026-05-04.csv
2026-09-15 21:40:15,104 INFO contract: ok, 9 columns
2026-09-15 21:40:15,105 ERROR run FAILED for 2026-05-04: 
2026-09-15 21:40:36,065 INFO run starting for 2026-05-04
2026-09-15 21:40:36,069 INFO extract: 1285 rows from ../data\scans_2026-05-04.csv
2026-09-15 21:40:36,070 INFO contract: ok, 9 columns
2026-09-15 21:40:36,070 ERROR run FAILED for 2026-05-04: 
2026-09-15 21:40:37,234 INFO run starting for 2026-05-04
2026-09-15 21:40:37,239 INFO extract: 1285 rows from ../data\scans_2026-05-04.csv
2026-09-15 21:40:37,239 INFO contract: ok, 9 columns
2026-09-15 21:40:37,241 ERROR run FAILED for 2026-05-04: 
2026-09-15 21:40:37,786 INFO run starting for 2026-05-04
2026-09-15 21:40:37,791 INFO extract: 1285 rows from ../data\scans_2026-05-04.csv
2026-09-15 21:40:37,792 INFO contract: ok, 9 columns
2026-09-15 21:40:37,792 ERROR run FAILED for 2026-05-04: 
2026-09-15 21:40:38,276 INFO run starting for 2026-05-04
2026-09-15 21:40:38,281 INFO extract: 1285 rows from ../data\scans_2026-05-04.csv
2026-09-15 21:40:38,282 INFO contract: ok, 9 columns
2026-09-15 21:40:38,282 ERROR run FAILED for 2026-05-04: 
2026-09-15 21:40:38,478 INFO run starting for 2026-05-04
2026-09-15 21:40:38,482 INFO extract: 1285 rows from ../data\scans_2026-05-04.csv
2026-09-15 21:40:38,483 INFO contract: ok, 9 columns
2026-09-15 21:40:38,483 ERROR run FAILED for 2026-05-04: 
2026-09-15 21:40:38,667 INFO run starting for 2026-05-04
2026-09-15 21:40:38,671 INFO extract: 1285 rows from ../data\scans_2026-05-04.csv
2026-09-15 21:40:38,671 INFO contract: ok, 9 columns
2026-09-15 21:40:38,672 ERROR run FAILED for 2026-05-04: 
2026-09-15 21:40:38,872 INFO run starting for 2026-05-04
2026-09-15 21:40:38,879 INFO extract: 1285 rows from ../data\scans_2026-05-04.csv
2026-09-15 21:40:38,880 INFO contract: ok, 9 columns
2026-09-15 21:40:38,881 ERROR run FAILED for 2026-05-04: 
2026-09-15 21:45:44,143 INFO run starting for 2026-05-04
2026-09-15 21:45:44,148 INFO extract: 1285 rows from ../data\scans_2026-05-04.csv
2026-09-15 21:45:44,148 INFO contract: ok, 9 columns
2026-09-15 21:45:44,148 ERROR run FAILED for 2026-05-04: 
2026-09-15 19:21:03,283 INFO run starting for 2026-05-04
2026-09-15 19:21:03,291 INFO extract: 1285 rows from ../data/scans_2026-05-04.csv
2026-09-15 19:21:03,292 INFO contract: ok, 9 columns
2026-09-15 19:21:03,293 ERROR run FAILED for 2026-05-04: 
2026-09-15 19:26:04,979 INFO run starting for 2026-05-04
2026-09-15 19:26:04,992 INFO extract: 1285 rows from ../data/scans_2026-05-04.csv
2026-09-15 19:26:04,993 INFO contract: ok, 9 columns
2026-09-15 19:26:04,994 ERROR run FAILED for 2026-05-04: 
2026-09-15 19:31:06,949 INFO run starting for 2026-05-04
2026-09-15 19:31:06,962 INFO extract: 1285 rows from ../data/scans_2026-05-04.csv
2026-09-15 19:31:06,962 INFO contract: ok, 9 columns
2026-09-15 19:31:06,963 ERROR run FAILED for 2026-05-04: 
2026-09-15 19:59:05,729 INFO run starting for 2026-05-04
2026-09-15 19:59:05,736 INFO extract: 1285 rows from ../data/scans_2026-05-04.csv
2026-09-15 19:59:05,737 INFO contract: ok, 9 columns
2026-09-15 19:59:05,738 ERROR run FAILED for 2026-05-04: 
2026-09-15 20:02:28,018 INFO run starting for 2026-05-04
2026-09-15 20:02:28,028 INFO extract: 1285 rows from ../data/scans_2026-05-04.csv
2026-09-15 20:02:28,028 INFO contract: ok, 9 columns
2026-09-15 20:02:28,029 ERROR run FAILED for 2026-05-04: 
2026-09-15 20:04:07,439 INFO run starting for 2026-05-04
2026-09-15 20:04:07,446 INFO extract: 1285 rows from ../data/scans_2026-05-04.csv
2026-09-15 20:04:07,447 INFO contract: ok, 9 columns
2026-09-15 20:04:07,448 ERROR run FAILED for 2026-05-04: 
2026-09-15 20:04:24,513 INFO run starting for 2026-05-04
2026-09-15 20:04:24,520 INFO extract: 1285 rows from ../data/scans_2026-05-04.csv
2026-09-15 20:04:24,521 INFO contract: ok, 9 columns
2026-09-15 20:04:24,521 ERROR run FAILED for 2026-05-04: 
2026-09-15 20:05:50,497 INFO run starting for 2026-05-04
2026-09-15 20:05:50,504 INFO extract: 1285 rows from ../data/scans_2026-05-04.csv
2026-09-15 20:05:50,505 INFO contract: ok, 9 columns
2026-09-15 20:05:50,578 WARNING quarantined 25 rows to quarantine/rejects_2026-05-04.csv
2026-09-15 20:05:50,582 INFO transform: 1285 read = 1257 good + 25 rejected + 3 duplicates
2026-09-15 20:05:50,616 ERROR run FAILED for 2026-05-04: (psycopg2.errors.UndefinedTable) relation "parcel_scans" does not exist
LINE 1: DELETE FROM parcel_scans WHERE DATE(scanned_at) = '2026-05-0...
                    ^

[SQL: DELETE FROM parcel_scans WHERE DATE(scanned_at) = %(d)s]
[parameters: {'d': '2026-05-04'}]
(Background on this error at: https://sqlalche.me/e/14/f405)
2026-09-15 20:06:45,007 INFO run starting for 2026-05-04
2026-09-15 20:06:45,013 INFO extract: 1285 rows from ../data/scans_2026-05-04.csv
2026-09-15 20:06:45,014 INFO contract: ok, 9 columns
2026-09-15 20:06:45,048 WARNING quarantined 25 rows to quarantine/rejects_2026-05-04.csv
2026-09-15 20:06:45,050 INFO transform: 1285 read = 1257 good + 25 rejected + 3 duplicates
2026-09-15 20:06:45,081 ERROR run FAILED for 2026-05-04: (psycopg2.errors.UndefinedColumn) column "service_code" of relation "parcel_scans" does not exist
LINE 1: ...ned_at, hub_id, courier_id, scan_type, weight_kg, service_co...
                                                             ^

[SQL: INSERT INTO parcel_scans (scan_id, parcel_id, customer_id, scanned_at, hub_id, courier_id, scan_type, weight_kg, service_code, service_level_id, reject_reason) VALUES (%(scan_id)s, %(parcel_id)s, %(customer_id)s, %(scanned_at)s, %(hub_id)s, %(courier_id)s, %(scan_type)s, %(weight_kg)s, %(service_code)s, %(service_level_id)s, %(reject_reason)s)]
[parameters: ({'scan_id': '904568', 'parcel_id': '7001369', 'customer_id': '5052', 'scanned_at': datetime.datetime(2026, 5, 4, 12, 34, 1), 'hub_id': '6', 'courier_id': '131', 'scan_type': 'arrive', 'weight_kg': 39.16, 'service_code': 'STD', 'service_level_id': None, 'reject_reason': None}, {'scan_id': '903844', 'parcel_id': '7001164', 'customer_id': '5006', 'scanned_at': datetime.datetime(2026, 5, 4, 12, 22, 45), 'hub_id': '10', 'courier_id': '117', 'scan_type': 'failed', 'weight_kg': 36.63, 'service_code': 'STD', 'service_level_id': None, 'reject_reason': None}, {'scan_id': '904162', 'parcel_id': '7001244', 'customer_id': '5171', 'scanned_at': datetime.datetime(2026, 5, 4, 18, 19, 59), 'hub_id': '6', 'courier_id': '107', 'scan_type': 'failed', 'weight_kg': 4.53, 'service_code': 'STD', 'service_level_id': None, 'reject_reason': None}, {'scan_id': '904393', 'parcel_id': '7001318', 'customer_id': '5005', 'scanned_at': datetime.datetime(2026, 5, 4, 15, 54, 40), 'hub_id': '1', 'courier_id': '113', 'scan_type': 'failed', 'weight_kg': 46.02, 'service_code': 'EXP', 'service_level_id': None, 'reject_reason': None}, {'scan_id': '904513', 'parcel_id': '7001352', 'customer_id': '5186', 'scanned_at': datetime.datetime(2026, 5, 4, 6, 37, 13), 'hub_id': '4', 'courier_id': '106', 'scan_type': 'delivered', 'weight_kg': 35.16, 'service_code': 'ECO', 'service_level_id': None, 'reject_reason': None}, {'scan_id': '904673', 'parcel_id': '7001392', 'customer_id': '5110', 'scanned_at': datetime.datetime(2026, 5, 4, 11, 26, 34), 'hub_id': '8', 'courier_id': '125', 'scan_type': 'delivered', 'weight_kg': 5.91, 'service_code': 'STD', 'service_level_id': None, 'reject_reason': None}, {'scan_id': '904710', 'parcel_id': '7001400', 'customer_id': '5046', 'scanned_at': datetime.datetime(2026, 5, 4, 15, 48, 3), 'hub_id': '2', 'courier_id': '104', 'scan_type': 'arrive', 'weight_kg': 6.63, 'service_code': 'EXP', 'service_level_id': None, 'reject_reason': None}, {'scan_id': '903971', 'parcel_id': '7001202', 'customer_id': '5128', 'scanned_at': datetime.datetime(2026, 5, 4, 8, 38, 37), 'hub_id': '6', 'courier_id': '130', 'scan_type': 'delivered', 'weight_kg': 17.42, 'service_code': 'EXP', 'service_level_id': None, 'reject_reason': None}  ... displaying 10 of 1257 total bound parameter sets ...  {'scan_id': '904638', 'parcel_id': '7001383', 'customer_id': '5122', 'scanned_at': datetime.datetime(2026, 5, 4, 20, 21, 22), 'hub_id': '7', 'courier_id': '117', 'scan_type': 'delivered', 'weight_kg': 30.77, 'service_code': 'STD', 'service_level_id': None, 'reject_reason': None}, {'scan_id': '904457', 'parcel_id': '7001337', 'customer_id': '5104', 'scanned_at': datetime.datetime(2026, 5, 4, 14, 58, 13), 'hub_id': '2', 'courier_id': '119', 'scan_type': 'delivered', 'weight_kg': 41.75, 'service_code': 'STD', 'service_level_id': None, 'reject_reason': None})]
(Background on this error at: https://sqlalche.me/e/14/f405)
2026-09-15 20:07:29,050 INFO run starting for 2026-05-04
2026-09-15 20:07:29,057 INFO extract: 1285 rows from ../data/scans_2026-05-04.csv
2026-09-15 20:07:29,057 INFO contract: ok, 9 columns
2026-09-15 20:07:29,089 WARNING quarantined 25 rows to quarantine/rejects_2026-05-04.csv
2026-09-15 20:07:29,090 INFO transform: 1285 read = 1257 good + 25 rejected + 3 duplicates
2026-09-15 20:07:29,135 INFO load: 1257 rows for 2026-05-04
2026-09-15 20:07:29,139 INFO run finished for 2026-05-04
2026-09-15 20:08:34,377 INFO run starting for 2026-05-04
2026-09-15 20:08:34,384 INFO extract: 1285 rows from ../data/scans_2026-05-04.csv
2026-09-15 20:08:34,385 INFO contract: ok, 9 columns
2026-09-15 20:08:34,420 WARNING quarantined 25 rows to quarantine/rejects_2026-05-04.csv
2026-09-15 20:08:34,421 INFO transform: 1285 read = 1257 good + 25 rejected + 3 duplicates
2026-09-15 20:08:34,485 INFO load: 1257 rows for 2026-05-04
2026-09-15 20:08:34,489 INFO run finished for 2026-05-04
2026-09-15 20:45:21,820 INFO run starting for 2026-05-04
2026-09-15 20:45:21,832 INFO extract: 1285 rows from ../data/scans_2026-05-04.csv
2026-09-15 20:45:21,833 INFO contract: ok, 9 columns
2026-09-15 20:45:21,894 WARNING quarantined 25 rows to quarantine/rejects_2026-05-04.csv
2026-09-15 20:45:21,895 INFO transform: 1285 read = 1257 good + 25 rejected + 3 duplicates
2026-09-15 20:45:21,952 INFO load: 1257 rows for 2026-05-04
2026-09-15 20:45:21,958 INFO run finished for 2026-05-04
